[    0.000000] Linux version 4.15.0-74-generic (buildd@lcy01-amd64-022) (gcc version 7.4.0 (Ubuntu 7.4.0-1ubuntu1~18.04.1)) #84-Ubuntu SMP Thu Dec 19 08:06:28 UTC 2019 (Ubuntu 4.15.0-74.84-generic 4.15.18)
[    0.000000] Command line: BOOT_IMAGE=/boot/vmlinuz-4.15.0-74-generic root=UUID=aac03293-c0ac-4bf0-a829-be8d31d9d5f4 ro console=tty1 console=ttyS0
[    0.000000] KERNEL supported cpus:
[    0.000000]   Intel GenuineIntel
[    0.000000]   AMD AuthenticAMD
[    0.000000]   Centaur CentaurHauls
[    0.000000] x86/fpu: Supporting XSAVE feature 0x001: 'x87 floating point registers'
[    0.000000] x86/fpu: Supporting XSAVE feature 0x002: 'SSE registers'
[    0.000000] x86/fpu: Supporting XSAVE feature 0x004: 'AVX registers'
[    0.000000] x86/fpu: xstate_offset[2]:  576, xstate_sizes[2]:  256
[    0.000000] x86/fpu: Enabled xstate features 0x7, context size is 832 bytes, using 'standard' format.
[    0.000000] e820: BIOS-provided physical RAM map:
[    0.000000] BIOS-e820: [mem 0x0000000000000000-0x000000000009fbff] usable
[    0.000000] BIOS-e820: [mem 0x000000000009fc00-0x000000000009ffff] reserved
[    0.000000] BIOS-e820: [mem 0x00000000000f0000-0x00000000000fffff] reserved
[    0.000000] BIOS-e820: [mem 0x0000000000100000-0x000000007ffeffff] usable
[    0.000000] BIOS-e820: [mem 0x000000007fff0000-0x000000007fffffff] ACPI data
[    0.000000] BIOS-e820: [mem 0x00000000fec00000-0x00000000fec00fff] reserved
[    0.000000] BIOS-e820: [mem 0x00000000fee00000-0x00000000fee00fff] reserved
[    0.000000] BIOS-e820: [mem 0x00000000fffc0000-0x00000000ffffffff] reserved
[    0.000000] NX (Execute Disable) protection: active
[    0.000000] SMBIOS 2.5 present.
[    0.000000] DMI: innotek GmbH VirtualBox/VirtualBox, BIOS VirtualBox 12/01/2006
[    0.000000] Hypervisor detected: KVM
[    0.000000] e820: last_pfn = 0x7fff0 max_arch_pfn = 0x400000000
[    0.000000] MTRR: Disabled
[    0.000000] x86/PAT: MTRRs disabled, skipping PAT initialization too.
[    0.000000] CPU MTRRs all blank - virtualized system.
[    0.000000] x86/PAT: Configuration [0-7]: WB  WT  UC- UC  WB  WT  UC- UC  
[    0.000000] found SMP MP-table at [mem 0x0009fff0-0x0009ffff]
[    0.000000] Scanning 1 areas for low memory corruption
[    0.000000] RAMDISK: [mem 0x35969000-0x36cabfff]
[    0.000000] ACPI: Early table checksum verification disabled
[    0.000000] ACPI: RSDP 0x00000000000E0000 000024 (v02 VBOX  )
[    0.000000] ACPI: XSDT 0x000000007FFF0030 00003C (v01 VBOX   VBOXXSDT 00000001 ASL  00000061)
[    0.000000] ACPI: FACP 0x000000007FFF00F0 0000F4 (v04 VBOX   VBOXFACP 00000001 ASL  00000061)
[    0.000000] ACPI: DSDT 0x000000007FFF0470 0022EA (v02 VBOX   VBOXBIOS 00000002 INTL 20100528)
[    0.000000] ACPI: FACS 0x000000007FFF0200 000040
[    0.000000] ACPI: FACS 0x000000007FFF0200 000040
[    0.000000] ACPI: APIC 0x000000007FFF0240 00005C (v02 VBOX   VBOXAPIC 00000001 ASL  00000061)
[    0.000000] ACPI: SSDT 0x000000007FFF02A0 0001CC (v01 VBOX   VBOXCPUT 00000002 INTL 20100528)
[    0.000000] No NUMA configuration found
[    0.000000] Faking a node at [mem 0x0000000000000000-0x000000007ffeffff]
[    0.000000] NODE_DATA(0) allocated [mem 0x7ffc5000-0x7ffeffff]
[    0.000000] kvm-clock: cpu 0, msr 0:7ff44001, primary cpu clock
[    0.000000] kvm-clock: Using msrs 4b564d01 and 4b564d00
[    0.000000] kvm-clock: using sched offset of 3848475839 cycles
[    0.000000] clocksource: kvm-clock: mask: 0xffffffffffffffff max_cycles: 0x1cd42e4dffb, max_idle_ns: 881590591483 ns
[    0.000000] Zone ranges:
[    0.000000]   DMA      [mem 0x0000000000001000-0x0000000000ffffff]
[    0.000000]   DMA32    [mem 0x0000000001000000-0x000000007ffeffff]
[    0.000000]   Normal   empty
[    0.000000]   Device   empty
[    0.000000] Movable zone start for each node
[    0.000000] Early memory node ranges
[    0.000000]   node   0: [mem 0x0000000000001000-0x000000000009efff]
[    0.000000]   node   0: [mem 0x0000000000100000-0x000000007ffeffff]
[    0.000000] Reserved but unavailable: 98 pages
[    0.000000] Initmem setup node 0 [mem 0x0000000000001000-0x000000007ffeffff]
[    0.000000] ACPI: PM-Timer IO Port: 0x4008
[    0.000000] IOAPIC[0]: apic_id 2, version 32, address 0xfec00000, GSI 0-23
[    0.000000] ACPI: INT_SRC_OVR (bus 0 bus_irq 0 global_irq 2 dfl dfl)
[    0.000000] ACPI: INT_SRC_OVR (bus 0 bus_irq 9 global_irq 9 low level)
[    0.000000] Using ACPI (MADT) for SMP configuration information
[    0.000000] smpboot: Allowing 2 CPUs, 0 hotplug CPUs
[    0.000000] PM: Registered nosave memory: [mem 0x00000000-0x00000fff]
[    0.000000] PM: Registered nosave memory: [mem 0x0009f000-0x0009ffff]
[    0.000000] PM: Registered nosave memory: [mem 0x000a0000-0x000effff]
[    0.000000] PM: Registered nosave memory: [mem 0x000f0000-0x000fffff]
[    0.000000] e820: [mem 0x80000000-0xfebfffff] available for PCI devices
[    0.000000] Booting paravirtualized kernel on KVM
[    0.000000] clocksource: refined-jiffies: mask: 0xffffffff max_cycles: 0xffffffff, max_idle_ns: 7645519600211568 ns
[    0.000000] random: get_random_bytes called from start_kernel+0x99/0x4fd with crng_init=0
[    0.000000] setup_percpu: NR_CPUS:8192 nr_cpumask_bits:2 nr_cpu_ids:2 nr_node_ids:1
[    0.000000] percpu: Embedded 45 pages/cpu s147456 r8192 d28672 u1048576
[    0.000000] PV qspinlock hash table entries: 256 (order: 0, 4096 bytes)
[    0.000000] Built 1 zonelists, mobility grouping on.  Total pages: 515961
[    0.000000] Policy zone: DMA32
[    0.000000] Kernel command line: BOOT_IMAGE=/boot/vmlinuz-4.15.0-74-generic root=UUID=aac03293-c0ac-4bf0-a829-be8d31d9d5f4 ro console=tty1 console=ttyS0
[    0.000000] Memory: 2014748K/2096696K available (12300K kernel code, 2481K rwdata, 4260K rodata, 2428K init, 2704K bss, 81948K reserved, 0K cma-reserved)
[    0.000000] SLUB: HWalign=64, Order=0-3, MinObjects=0, CPUs=2, Nodes=1
[    0.000000] Kernel/User page tables isolation: enabled
[    0.000000] ftrace: allocating 39322 entries in 154 pages
[    0.004000] Hierarchical RCU implementation.
[    0.004000] 	RCU restricting CPUs from NR_CPUS=8192 to nr_cpu_ids=2.
[    0.004000] 	Tasks RCU enabled.
[    0.004000] RCU: Adjusting geometry for rcu_fanout_leaf=16, nr_cpu_ids=2
[    0.004000] NR_IRQS: 524544, nr_irqs: 440, preallocated irqs: 16
[    0.004000] Console: colour VGA+ 80x25
[    0.004000] console [tty1] enabled
[    0.004000] console [ttyS0] enabled
[    0.004000] ACPI: Core revision 20170831
[    0.004000] ACPI: 2 ACPI AML tables successfully acquired and loaded
[    0.004000] APIC: Switch to symmetric I/O mode setup
[    0.004000] x2apic enabled
[    0.004000] Switched APIC routing to physical x2apic.
[    0.004000] ..TIMER: vector=0x30 apic1=0 pin1=2 apic2=-1 pin2=-1
[    0.004003] tsc: Detected 2999.998 MHz processor
[    0.004971] Calibrating delay loop (skipped) preset value.. 5999.99 BogoMIPS (lpj=11999992)
[    0.005631] pid_max: default: 32768 minimum: 301
[    0.008025] Security Framework initialized
[    0.008832] Yama: becoming mindful.
[    0.009544] AppArmor: AppArmor initialized
[    0.012027] Dentry cache hash table entries: 262144 (order: 9, 2097152 bytes)
[    0.016038] Inode-cache hash table entries: 131072 (order: 8, 1048576 bytes)
[    0.017428] Mount-cache hash table entries: 4096 (order: 3, 32768 bytes)
[    0.018720] Mountpoint-cache hash table entries: 4096 (order: 3, 32768 bytes)
[    0.020000] Last level iTLB entries: 4KB 128, 2MB 8, 4MB 8
[    0.020002] Last level dTLB entries: 4KB 64, 2MB 0, 4MB 0, 1GB 4
[    0.021174] Spectre V1 : Mitigation: usercopy/swapgs barriers and __user pointer sanitization
[    0.022850] Spectre V2 : Mitigation: Full generic retpoline
[    0.024001] Spectre V2 : Spectre v2 / SpectreRSB mitigation: Filling RSB on context switch
[    0.025616] Speculative Store Bypass: Vulnerable
[    0.026558] MDS: Mitigation: Clear CPU buffers
[    0.028127] Freeing SMP alternatives memory: 36K
[    0.138921] smpboot: CPU0: Intel(R) Core(TM) i5-8500B CPU @ 3.00GHz (family: 0x6, model: 0x9e, stepping: 0xa)
[    0.140000] Performance Events: unsupported p6 CPU model 158 no PMU driver, software events only.
[    0.140026] Hierarchical SRCU implementation.
[    0.141375] NMI watchdog: Perf event create on CPU 0 failed with -2
[    0.142633] NMI watchdog: Perf NMI watchdog permanently disabled
[    0.144062] smp: Bringing up secondary CPUs ...
[    0.145064] x86: Booting SMP configuration:
[    0.145908] .... node  #0, CPUs:      #1
[    0.004000] kvm-clock: cpu 1, msr 0:7ff44041, secondary cpu clock
[    0.150533] smp: Brought up 1 node, 2 CPUs
[    0.150533] smpboot: Max logical packages: 1
[    0.152003] smpboot: Total of 2 processors activated (11999.99 BogoMIPS)
[    0.153424] devtmpfs: initialized
[    0.153424] x86/mm: Memory block size: 128MB
[    0.153721] evm: security.selinux
[    0.156002] evm: security.SMACK64
[    0.156707] evm: security.SMACK64EXEC
[    0.157445] evm: security.SMACK64TRANSMUTE
[    0.158257] evm: security.SMACK64MMAP
[    0.159056] evm: security.apparmor
[    0.159747] evm: security.ima
[    0.160002] evm: security.capability
[    0.160744] clocksource: jiffies: mask: 0xffffffff max_cycles: 0xffffffff, max_idle_ns: 7645041785100000 ns
[    0.161904] futex hash table entries: 512 (order: 3, 32768 bytes)
[    0.164041] pinctrl core: initialized pinctrl subsystem
[    0.165143] RTC time: 17:07:11, date: 01/21/20
[    0.166131] NET: Registered protocol family 16
[    0.167067] audit: initializing netlink subsys (disabled)
[    0.168019] audit: type=2000 audit(1579626436.793:1): state=initialized audit_enabled=0 res=1
[    0.168086] cpuidle: using governor ladder
[    0.168848] cpuidle: using governor menu
[    0.172031] ACPI: bus type PCI registered
[    0.172843] acpiphp: ACPI Hot Plug PCI Controller Driver version: 0.5
[    0.174204] PCI: Using configuration type 1 for base access
[    0.177560] HugeTLB registered 2.00 MiB page size, pre-allocated 0 pages
[    0.180061] ACPI: Added _OSI(Module Device)
[    0.180906] ACPI: Added _OSI(Processor Device)
[    0.181805] ACPI: Added _OSI(3.0 _SCP Extensions)
[    0.182750] ACPI: Added _OSI(Processor Aggregator Device)
[    0.183797] ACPI: Added _OSI(Linux-Dell-Video)
[    0.184002] ACPI: Added _OSI(Linux-Lenovo-NV-HDMI-Audio)
[    0.185061] ACPI: Added _OSI(Linux-HPI-Hybrid-Graphics)
[    0.186730] ACPI: Executed 1 blocks of module-level executable AML code
[    0.190504] ACPI: Interpreter enabled
[    0.192009] ACPI: (supports S0 S5)
[    0.192720] ACPI: Using IOAPIC for interrupt routing
[    0.193858] PCI: Using host bridge windows from ACPI; if necessary, use "pci=nocrs" and report a bug
[    0.195831] ACPI: Enabled 2 GPEs in block 00 to 07
[    0.202209] ACPI: PCI Root Bridge [PCI0] (domain 0000 [bus 00-ff])
[    0.203486] acpi PNP0A03:00: _OSC: OS supports [ASPM ClockPM Segments MSI]
[    0.204346] acpi PNP0A03:00: _OSC: not requesting OS control; OS requires [ExtendedConfig ASPM ClockPM MSI]
[    0.206460] acpi PNP0A03:00: fail to add MMCONFIG information, can't access extended PCI configuration space under this bridge.
[    0.208393] PCI host bridge to bus 0000:00
[    0.209262] pci_bus 0000:00: root bus resource [io  0x0000-0x0cf7 window]
[    0.212002] pci_bus 0000:00: root bus resource [io  0x0d00-0xffff window]
[    0.213332] pci_bus 0000:00: root bus resource [mem 0x000a0000-0x000bffff window]
[    0.214850] pci_bus 0000:00: root bus resource [mem 0x80000000-0xfdffffff window]
[    0.216003] pci_bus 0000:00: root bus resource [bus 00-ff]
[    0.220520] pci 0000:00:01.1: legacy IDE quirk: reg 0x10: [io  0x01f0-0x01f7]
[    0.221924] pci 0000:00:01.1: legacy IDE quirk: reg 0x14: [io  0x03f6]
[    0.223239] pci 0000:00:01.1: legacy IDE quirk: reg 0x18: [io  0x0170-0x0177]
[    0.224002] pci 0000:00:01.1: legacy IDE quirk: reg 0x1c: [io  0x0376]
[    0.244259] pci 0000:00:07.0: quirk: [io  0x4000-0x403f] claimed by PIIX4 ACPI
[    0.245939] pci 0000:00:07.0: quirk: [io  0x4100-0x410f] claimed by PIIX4 SMB
[    0.259413] ACPI: PCI Interrupt Link [LNKA] (IRQs 5 9 10 *11)
[    0.260264] ACPI: PCI Interrupt Link [LNKB] (IRQs 5 9 *10 11)
[    0.261501] ACPI: PCI Interrupt Link [LNKC] (IRQs 5 *9 10 11)
[    0.262759] ACPI: PCI Interrupt Link [LNKD] (IRQs 5 9 10 *11)
[    0.264303] SCSI subsystem initialized
[    0.265110] pci 0000:00:02.0: vgaarb: setting as boot VGA device
[    0.265267] pci 0000:00:02.0: vgaarb: VGA device added: decodes=io+mem,owns=io+mem,locks=none
[    0.268009] pci 0000:00:02.0: vgaarb: bridge control possible
[    0.269153] vgaarb: loaded
[    0.269748] ACPI: bus type USB registered
[    0.270624] usbcore: registered new interface driver usbfs
[    0.272013] usbcore: registered new interface driver hub
[    0.273083] usbcore: registered new device driver usb
[    0.274137] EDAC MC: Ver: 3.0.0
[    0.276057] PCI: Using ACPI for IRQ routing
[    0.277215] NetLabel: Initializing
[    0.277914] NetLabel:  domain hash size = 128
[    0.278799] NetLabel:  protocols = UNLABELED CIPSOv4 CALIPSO
[    0.279915] NetLabel:  unlabeled traffic allowed by default
[    0.280056] clocksource: Switched to clocksource kvm-clock
[    0.292968] VFS: Disk quotas dquot_6.6.0
[    0.293804] VFS: Dquot-cache hash table entries: 512 (order 0, 4096 bytes)
[    0.295252] AppArmor: AppArmor Filesystem Enabled
[    0.296253] pnp: PnP ACPI init
[    0.298169] pnp: PnP ACPI: found 3 devices
[    0.308376] clocksource: acpi_pm: mask: 0xffffff max_cycles: 0xffffff, max_idle_ns: 2085701024 ns
[    0.310141] NET: Registered protocol family 2
[    0.311152] TCP established hash table entries: 16384 (order: 5, 131072 bytes)
[    0.312672] TCP bind hash table entries: 16384 (order: 6, 262144 bytes)
[    0.313981] TCP: Hash tables configured (established 16384 bind 16384)
[    0.317388] UDP hash table entries: 1024 (order: 3, 32768 bytes)
[    0.318565] UDP-Lite hash table entries: 1024 (order: 3, 32768 bytes)
[    0.319865] NET: Registered protocol family 1
[    0.320769] pci 0000:00:00.0: Limiting direct PCI/PCI transfers
[    0.322138] pci 0000:00:01.0: Activating ISA DMA hang workarounds
[    0.323385] pci 0000:00:02.0: Video device with shadowed ROM at [mem 0x000c0000-0x000dffff]
[    0.325164] Unpacking initramfs...
[    0.585389] Freeing initrd memory: 19724K
[    0.586319] clocksource: tsc: mask: 0xffffffffffffffff max_cycles: 0x2b3e43c8763, max_idle_ns: 440795360101 ns
[    0.588671] platform rtc_cmos: registered platform RTC device (no PNP device found)
[    0.590701] Scanning for low memory corruption every 60 seconds
[    0.592540] Initialise system trusted keyrings
[    0.593467] Key type blacklist registered
[    0.594321] workingset: timestamp_bits=36 max_order=19 bucket_order=0
[    0.596334] zbud: loaded
[    0.597253] squashfs: version 4.0 (2009/01/31) Phillip Lougher
[    0.598565] fuse init (API version 7.26)
[    0.601162] Key type asymmetric registered
[    0.602004] Asymmetric key parser 'x509' registered
[    0.603006] Block layer SCSI generic (bsg) driver version 0.4 loaded (major 246)
[    0.604553] io scheduler noop registered
[    0.605364] io scheduler deadline registered
[    0.606256] io scheduler cfq registered (default)
[    0.607503] ACPI: AC Adapter [AC] (on-line)
[    0.608699] input: Power Button as /devices/LNXSYSTM:00/LNXPWRBN:00/input/input0
[    0.610198] ACPI: Power Button [PWRF]
[    0.611035] input: Sleep Button as /devices/LNXSYSTM:00/LNXSLPBN:00/input/input1
[    0.612602] ACPI: Sleep Button [SLPF]
[    0.613643] Serial: 8250/16550 driver, 32 ports, IRQ sharing enabled
[    0.635708] 00:02: ttyS0 at I/O 0x3f8 (irq = 4, base_baud = 115200) is a 16550A
[    0.639912] Linux agpgart interface v0.103
[    0.642030] loop: module loaded
[    0.643161] scsi host0: ata_piix
[    0.643962] scsi host1: ata_piix
[    0.644691] ata1: PATA max UDMA/33 cmd 0x1f0 ctl 0x3f6 bmdma 0xd000 irq 14
[    0.646032] ata2: PATA max UDMA/33 cmd 0x170 ctl 0x376 bmdma 0xd008 irq 15
[    0.647433] libphy: Fixed MDIO Bus: probed
[    0.648345] tun: Universal TUN/TAP device driver, 1.6
[    0.649452] PPP generic driver version 2.4.2
[    0.650394] ehci_hcd: USB 2.0 'Enhanced' Host Controller (EHCI) Driver
[    0.651683] ehci-pci: EHCI PCI platform driver
[    0.652636] ehci-platform: EHCI generic platform driver
[    0.653688] ohci_hcd: USB 1.1 'Open' Host Controller (OHCI) Driver
[    0.654902] ohci-pci: OHCI PCI platform driver
[    0.655812] ohci-platform: OHCI generic platform driver
[    0.656897] uhci_hcd: USB Universal Host Controller Interface driver
[    0.658170] i8042: PNP: PS/2 Controller [PNP0303:PS2K,PNP0f03:PS2M] at 0x60,0x64 irq 1,12
[    0.660183] serio: i8042 KBD port at 0x60,0x64 irq 1
[    0.661244] serio: i8042 AUX port at 0x60,0x64 irq 12
[    0.662409] mousedev: PS/2 mouse device common for all mice
[    0.664073] input: AT Translated Set 2 keyboard as /devices/platform/i8042/serio0/input/input2
[    0.665817] rtc_cmos rtc_cmos: rtc core: registered rtc_cmos as rtc0
[    0.667215] rtc_cmos rtc_cmos: alarms up to one day, 114 bytes nvram
[    0.668512] i2c /dev entries driver
[    0.669270] device-mapper: uevent: version 1.0.3
[    0.670282] device-mapper: ioctl: 4.37.0-ioctl (2017-09-20) initialised: dm-devel@redhat.com
[    0.672002] ledtrig-cpu: registered to indicate activity on CPUs
[    0.673513] NET: Registered protocol family 10
[    0.677433] Segment Routing with IPv6
[    0.678195] NET: Registered protocol family 17
[    0.679122] Key type dns_resolver registered
[    0.680157] mce: Using 0 MCE banks
[    0.680857] RAS: Correctable Errors collector initialized.
[    0.681936] sched_clock: Marking stable (680137391, 0)->(872040806, -191903415)
[    0.683673] registered taskstats version 1
[    0.684540] Loading compiled-in X.509 certificates
[    0.687235] Loaded X.509 cert 'Build time autogenerated kernel key: 62d24f9c726e026b112735485dad6e6e4b50c923'
[    0.689256] zswap: loaded using pool lzo/zbud
[    0.693140] Key type big_key registered
[    0.693921] Key type trusted registered
[    0.695951] Key type encrypted registered
[    0.696828] AppArmor: AppArmor sha1 policy hashing enabled
[    0.697930] ima: No TPM chip found, activating TPM-bypass! (rc=-19)
[    0.699174] ima: Allocated hash algorithm: sha1
[    0.700098] evm: HMAC attrs: 0x1
[    0.701123]   Magic number: 4:415:138
[    0.701967] rtc_cmos rtc_cmos: setting system clock to 2020-01-21 17:07:11 UTC (1579626431)
[    0.703750] BIOS EDD facility v0.16 2004-Jun-25, 0 devices found
[    0.705472] EDD information not available.
[    0.810517] Freeing unused kernel image memory: 2428K
[    0.820185] Write protecting the kernel read-only data: 20480k
[    0.822106] Freeing unused kernel image memory: 2008K
[    0.823360] Freeing unused kernel image memory: 1884K
[    0.829674] x86/mm: Checked W+X mappings: passed, no W+X pages found.
[    0.831049] x86/mm: Checking user space page tables
[    0.837120] x86/mm: Checked W+X mappings: passed, no W+X pages found.
Loading, please wait...
starting version 237
[    0.889565] e1000: Intel(R) PRO/1000 Network Driver - version 7.3.21-k8-NAPI
[    0.891306] e1000: Copyright (c) 1999-2006 Intel Corporation.
[    0.896821] Fusion MPT base driver 3.04.20
[    0.897874] Copyright (c) 1999-2008 LSI Corporation
[    0.902447] Fusion MPT SPI Host driver 3.04.20
[    0.911983] AVX2 version of gcm_enc/dec engaged.
[    0.913355] AES CTR mode by8 optimization enabled
[    1.101170] input: ImExPS/2 Generic Explorer Mouse as /devices/platform/i8042/serio1/input/input4
[    1.293706] e1000 0000:00:03.0 eth0: (PCI:33MHz:32-bit) 02:b7:1f:33:e9:24
[    1.295254] e1000 0000:00:03.0 eth0: Intel(R) PRO/1000 Network Connection
[    1.297333] mptbase: ioc0: Initiating bringup
[    1.392550] ioc0: LSI53C1030 A0: Capabilities={Initiator}
[    1.633665] scsi host2: ioc0: LSI53C1030 A0, FwRev=00000000h, Ports=1, MaxQ=256, IRQ=20
[    1.801233] scsi 2:0:0:0: Direct-Access     VBOX     HARDDISK         1.0  PQ: 0 ANSI: 5
[    1.832145] scsi target2:0:0: Beginning Domain Validation
[    1.834697] scsi target2:0:0: Domain Validation skipping write tests
[    1.835990] scsi target2:0:0: Ending Domain Validation
[    1.837116] scsi target2:0:0: asynchronous
[    1.838434] scsi 2:0:1:0: Direct-Access     VBOX     HARDDISK         1.0  PQ: 0 ANSI: 5
[    1.872260] scsi target2:0:1: Beginning Domain Validation
[    1.912298] random: fast init done
[    1.929146] scsi target2:0:1: Domain Validation skipping write tests
[    1.930722] scsi target2:0:1: Ending Domain Validation
[    1.931826] scsi target2:0:1: asynchronous
[    1.936107] random: systemd-udevd: uninitialized urandom read (16 bytes read)
[    1.937907] random: systemd-udevd: uninitialized urandom read (16 bytes read)
[    1.939446] random: systemd-udevd: uninitialized urandom read (16 bytes read)
[    1.941169] sd 2:0:0:0: Attached scsi generic sg0 type 0
[    1.942355] sd 2:0:0:0: [sda] 20971520 512-byte logical blocks: (10.7 GB/10.0 GiB)
[    1.944033] sd 2:0:0:0: [sda] Write Protect is off
[    1.945164] sd 2:0:1:0: Attached scsi generic sg1 type 0
[    1.946409] sd 2:0:0:0: [sda] Incomplete mode parameter data
[    1.947639] sd 2:0:0:0: [sda] Assuming drive cache: write through
[    1.949744] sd 2:0:1:0: [sdb] 20480 512-byte logical blocks: (10.5 MB/10.0 MiB)
[    1.952127] sd 2:0:1:0: [sdb] Write Protect is off
[    1.953200]  sda: sda1
[    1.954249] sd 2:0:0:0: [sda] Attached SCSI disk
[    1.955393] sd 2:0:1:0: [sdb] Incomplete mode parameter data
[    1.956714] sd 2:0:1:0: [sdb] Assuming drive cache: write through
[    1.960694] sd 2:0:1:0: [sdb] Attached SCSI disk
[    2.216699] e1000 0000:00:08.0 eth1: (PCI:33MHz:32-bit) 08:00:27:ba:97:35
[    2.218341] e1000 0000:00:08.0 eth1: Intel(R) PRO/1000 Network Connection
[    2.220933] e1000 0000:00:08.0 enp0s8: renamed from eth1
[    2.236825] e1000 0000:00:03.0 enp0s3: renamed from eth0
Begin: Loading essential drivers ... [    3.616552] raid6: sse2x1   gen() 13480 MB/s
[    3.664386] raid6: sse2x1   xor()  9751 MB/s
[    3.712077] raid6: sse2x2   gen() 16520 MB/s
[    3.760400] raid6: sse2x2   xor() 11179 MB/s
[    3.809493] raid6: sse2x4   gen() 19217 MB/s
[    3.857089] raid6: sse2x4   xor() 11896 MB/s
[    3.904354] raid6: avx2x1   gen() 26495 MB/s
[    3.952538] raid6: avx2x1   xor() 18891 MB/s
[    4.000067] raid6: avx2x2   gen() 30972 MB/s
[    4.048068] raid6: avx2x2   xor() 20592 MB/s
[    4.096076] raid6: avx2x4   gen() 37433 MB/s
[    4.144263] raid6: avx2x4   xor() 22309 MB/s
[    4.145309] raid6: using algorithm avx2x4 gen() 37433 MB/s
[    4.146443] raid6: .... xor() 22309 MB/s, rmw enabled
[    4.147467] raid6: using avx2x2 recovery algorithm
[    4.149454] xor: automatically using best checksumming function   avx       
[    4.151871] async_tx: api initialized (async)
done.
Begin: Running /scripts/init-premount ... done.
Begin: Mounting root file system ... Begin: Running /scripts/local-top ... done.
Begin: Running /scripts/local-premount ... [    4.186454] Btrfs loaded, crc32c=crc32c-intel
Scanning for Btrfs filesystems
done.
Warning: fsck not present, so skipping root file system
[    4.210715] EXT4-fs (sda1): mounted filesystem with ordered data mode. Opts: (null)
done.
Begin: Running /scripts/local-bottom ... done.
Begin: Running /scripts/init-bottom ... done.
[    4.373725] ip_tables: (C) 2000-2006 Netfilter Core Team
[    4.381622] systemd[1]: systemd 237 running in system mode. (+PAM +AUDIT +SELINUX +IMA +APPARMOR +SMACK +SYSVINIT +UTMP +LIBCRYPTSETUP +GCRYPT +GNUTLS +ACL +XZ +LZ4 +SECCOMP +BLKID +ELFUTILS +KMOD -IDN2 +IDN -PCRE2 default-hierarchy=hybrid)
[    4.385812] systemd[1]: Detected virtualization oracle.
[    4.386865] systemd[1]: Detected architecture x86-64.

Welcome to [1mUbuntu 18.04.3 LTS[0m!

[    4.392292] systemd[1]: Set hostname to <rsyslog-1>.
[    4.587127] systemd[1]: Created slice User and Session Slice.
[[0;32m  OK  [0m] Created slice User and Session Slice.
[    4.589162] systemd[1]: Reached target Swap.
[[0;32m  OK  [0m] Reached target Swap.
[    4.590815] systemd[1]: Set up automount Arbitrary Executable File Formats File System Automount Point.
[[0;32m  OK  [0m] Set up automount Arbitrary Executabâ€¦rmats File System Automount Point.
[    4.594095] systemd[1]: Started Forward Password Requests to Wall Directory Watch.
[[0;32m  OK  [0m] Started Forward Password Requests to Wall Directory Watch.
[    4.596801] systemd[1]: Reached target User and Group Name Lookups.
[[0;32m  OK  [0m] Reached target User and Group Name Lookups.
[    4.599040] systemd[1]: Reached target System Time Synchronized.
[[0;32m  OK  [0m] Reached target System Time Synchronized.
[[0;32m  OK  [0m] Created slice System Slice.
[[0;32m  OK  [0m] Listening on Journal Socket.
         Starting Uncomplicated firewall...
[[0;32m  OK  [0m] Listening on Device-mapper event daemon FIFOs.
[[0;32m  OK  [0m] Listening on Network Service Netlink Socket.
         Mounting POSIX Message Queue File System...
[[0;32m  OK  [0m] Listening on udev Kernel Socket.
[[0;32m  OK  [0m] Reached target Slices.
[[0;32m  OK  [0m] Listening on Journal Socket (/dev/log).
[[0;32m  OK  [0m] Listening on Journal Audit Socket.
         Starting Set the console keyboard layout...
[[0;32m  OK  [0m] Listening on udev Control Socket.
         Starting udev Coldplug all Devices...
         Starting Load Kernel Modules...
         Starting Remount Root and Kernel File Systems...
[[0;32m  OK  [0m] Listening on /dev/initctl Compatibility Named Pipe.
[[0;32m  OK  [0m] Created slice system-serial\x2dgetty.slice.
[[0;32m  OK  [0m] Listening on Syslog Socket.
         Starting Journal Service...
         Mounting Kernel Debug File System...
[[0;32m  OK  [0m] Listening on LVM2 metadata daemon socket.
         Mounting Huge Pages File System...
[[0;32m  OK  [0m] Listening on LVM2 poll daemon socket.
         Starting Create list of required stâ€¦ce nodes for the current kernel...
         Starting Monitoring of LVM2 mirrorsâ€¦ng dmeventd or progress polling...
[[0;32m  OK  [0m] Started Uncomplicated firewall.
[[0;32m  OK  [0m] Mounted POSIX Message Queue File System.
[[0;32m  OK  [0m] Mounted Kernel Debug File System.
[[0;32m  OK  [0m] Mounted Huge Pages File System.
[    4.652512] Loading iSCSI transport class v2.0-870.
[    4.657874] iscsi: registered transport (tcp)
[    4.670544] iscsi: registered transport (iser)
[[0;32m  OK  [0m] Started Load Kernel Modules.
[[0;32m  OK  [0m] Started udev Coldplug all Devices.
         Starting Apply Kernel Variables...
         Mounting FUSE Control File System...
         Mounting Kernel Configuration File System...
[[0;32m  OK  [0m] Mounted Kernel Configuration File System.
[[0;32m  OK  [0m] Mounted FUSE Control File System.
[[0;32m  OK  [0m] Started Create list of required staâ€¦vice nodes for the current kernel.
         Starting Create Static Device Nodes in /dev...
[[0;32m  OK  [0m] Started LVM2 metadata daemon.
[[0;32m  OK  [0m] Started Journal Service.
[[0;32m  OK  [0m] Started Remount Root and Kernel File Systems.
         Starting Load/Save Random Seed...
         Starting Flush Journal to Persistent Storage...
[[0;32m  OK  [0m] Started Monitoring of LVM2 mirrors,â€¦sing dmeventd or progress polling.
[[0;32m  OK  [0m] Started Apply Kernel Variables.
[[0;32m  OK  [0m] Started Create Static Device Nodes in /dev.
[[0;32m  OK  [0m] Started Load/Save Random Seed.
         Starting udev Kernel Device Manager...
[[0;32m  OK  [0m] Started udev Kernel Device Manager.
[[0;32m  OK  [0m] Started Set the console keyboard layout.
[[0;32m  OK  [0m] Reached target Local File Systems (Pre).
[[0;32m  OK  [0m] Reached target Local File Systems.
         Starting AppArmor initialization...
         Starting Tell Plymouth To Write Out Runtime Data...
         Starting ebtables ruleset management...
         Starting Set console font and keymap...
[[0;32m  OK  [0m] Started Dispatch Password Requests to Console Directory Watch.
[[0;32m  OK  [0m] Reached target Local Encrypted Volumes.
[[0;32m  OK  [0m] Started Tell Plymouth To Write Out Runtime Data.
[[0;32m  OK  [0m] Started Set console font and keymap.
[[0;32m  OK  [0m] Started Flush Journal to Persistent Storage.
         Starting Create Volatile Files and Directories...
[[0;32m  OK  [0m] Started Create Volatile Files and Directories.
         Starting Update UTMP about System Boot/Shutdown...
[[0;32m  OK  [0m] Started Update UTMP about System Boot/Shutdown.
[[0;32m  OK  [0m] Started ebtables ruleset management.
[[0;32m  OK  [0m] Found device /dev/ttyS0.
[[0;32m  OK  [0m] Listening on Load/Save RF Kill Switch Status /dev/rfkill Watch.
[[0;32m  OK  [0m] Started AppArmor initialization.
         Starting Initial cloud-init job (pre-networking)...
[    6.021349] cloud-init[542]: Cloud-init v. 19.3-41-gc4735dd3-0ubuntu1~18.04.1 running 'init-local' at Tue, 21 Jan 2020 17:07:16 +0000. Up 5.84 seconds.
[[0;32m  OK  [0m] Started Initial cloud-init job (pre-networking).
[[0;32m  OK  [0m] Reached target Network (Pre).
         Starting Network Service...
[[0;32m  OK  [0m] Started Network Service.
         Starting Wait for Network to be Configured...
         Starting Network Name Resolution...
[[0;32m  OK  [0m] Started Network Name Resolution.
[[0;32m  OK  [0m] Reached target Host and Network Name Lookups.
[[0;32m  OK  [0m] Reached target Network.
[[0;32m  OK  [0m] Started Wait for Network to be Configured.
         Starting Initial cloud-init job (metadata service crawler)...
[    7.903090] cloud-init[667]: Cloud-init v. 19.3-41-gc4735dd3-0ubuntu1~18.04.1 running 'init' at Tue, 21 Jan 2020 17:07:18 +0000. Up 7.79 seconds.
[    7.916475] cloud-init[667]: ci-info: ++++++++++++++++++++++++++++++++++++++Net device info+++++++++++++++++++++++++++++++++++++++
[    7.918432] cloud-init[667]: ci-info: +--------+------+-----------------------------+---------------+--------+-------------------+
[    7.919914] cloud-init[667]: ci-info: | Device |  Up  |           Address           |      Mask     | Scope  |     Hw-Address    |
[    7.921935] cloud-init[667]: ci-info: +--------+------+-----------------------------+---------------+--------+-------------------+
[    7.923948] cloud-init[667]: ci-info: | enp0s3 | True |          10.0.2.15          | 255.255.255.0 | global | 02:b7:1f:33:e9:24 |
[    7.926093] cloud-init[667]: ci-info: | enp0s3 | True |  fe80::b7:1fff:fe33:e924/64 |       .       |  link  | 02:b7:1f:33:e9:24 |
[    7.928107] cloud-init[667]: ci-info: | enp0s8 | True |        192.168.10.11        | 255.255.255.0 | global | 08:00:27:ba:97:35 |
[    7.930116] cloud-init[667]: ci-info: | enp0s8 | True | fe80::a00:27ff:feba:9735/64 |       .       |  link  | 08:00:27:ba:97:35 |
[    7.931710] cloud-init[667]: ci-info: |   lo   | True |          127.0.0.1          |   255.0.0.0   |  host  |         .         |
[    7.933665] cloud-init[667]: ci-info: |   lo   | True |           ::1/128           |       .       |  host  |         .         |
[    7.935562] cloud-init[667]: ci-info: +--------+------+-----------------------------+---------------+--------+-------------------+
[    7.937539] cloud-init[667]: ci-info: +++++++++++++++++++++++++++++Route IPv4 info+++++++++++++++++++++++++++++
[    7.939267] cloud-init[667]: ci-info: +-------+--------------+----------+-----------------+-----------+-------+
[    7.941026] cloud-init[667]: ci-info: | Route | Destination  | Gateway  |     Genmask     | Interface | Flags |
[    7.942733] cloud-init[667]: ci-info: +-------+--------------+----------+-----------------+-----------+-------+
[    7.944495] cloud-init[667]: ci-info: |   0   |   0.0.0.0    | 10.0.2.2 |     0.0.0.0     |   enp0s3  |   UG  |
[    7.946197] cloud-init[667]: ci-info: |   1   |   10.0.2.0   | 0.0.0.0  |  255.255.255.0  |   enp0s3  |   U   |
[    7.947906] cloud-init[667]: ci-info: |   2   |   10.0.2.2   | 0.0.0.0  | 255.255.255.255 |   enp0s3  |   UH  |
[    7.949615] cloud-init[667]: ci-info: |   3   | 192.168.10.0 | 0.0.0.0  |  255.255.255.0  |   enp0s8  |   U   |
[    7.953857] cloud-init[667]: ci-info: +-------+--------------+----------+-----------------+-----------+-------+
[    7.964196] cloud-init[667]: ci-info: +++++++++++++++++++Route IPv6 info+++++++++++++++++++
[    7.976229] cloud-init[667]: ci-info: +-------+-------------+---------+-----------+-------+
[    7.977662] cloud-init[667]: ci-info: | Route | Destination | Gateway | Interface | Flags |
[    7.979064] cloud-init[667]: ci-info: +-------+-------------+---------+-----------+-------+
[    7.980458] cloud-init[667]: ci-info: |   1   |  fe80::/64  |    ::   |   enp0s8  |   U   |
[    7.981918] cloud-init[667]: ci-info: |   2   |  fe80::/64  |    ::   |   enp0s3  |   U   |
[    7.985015] cloud-init[667]: ci-info: |   4   |    local    |    ::   |   enp0s3  |   U   |
[    7.986467] cloud-init[667]: ci-info: |   5   |    local    |    ::   |   enp0s8  |   U   |
[    7.987893] cloud-init[667]: ci-info: |   6   |   ff00::/8  |    ::   |   enp0s8  |   U   |
[    7.989318] cloud-init[667]: ci-info: |   7   |   ff00::/8  |    ::   |   enp0s3  |   U   |
[    7.990736] cloud-init[667]: ci-info: +-------+-------------+---------+-----------+-------+
[[0;32m  OK  [0m] Started Initial cloud-init job (metadata service crawler).
[[0;32m  OK  [0m] Reached target Cloud-config availability.
[[0;32m  OK  [0m] Reached target System Initialization.
         Starting Socket activation for snappy daemon.
[[0;32m  OK  [0m] Started Daily Cleanup of Temporary Directories.
[[0;32m  OK  [0m] Listening on Open-iSCSI iscsid Socket.
         Starting LXD - unix socket.
[[0;32m  OK  [0m] Started ACPI Events Check.
[[0;32m  OK  [0m] Reached target Paths.
[[0;32m  OK  [0m] Started Message of the Day.
[[0;32m  OK  [0m] Listening on D-Bus System Message Bus Socket.
[[0;32m  OK  [0m] Listening on ACPID Listen Socket.
[[0;32m  OK  [0m] Listening on UUID daemon activation socket.
[[0;32m  OK  [0m] Started Discard unused blocks once a week.
[[0;32m  OK  [0m] Started Daily apt download activities.
[[0;32m  OK  [0m] Started Daily apt upgrade and clean activities.
[[0;32m  OK  [0m] Reached target Timers.
[[0;32m  OK  [0m] Reached target Network is Online.
         Starting Availability of block devices...
[[0;32m  OK  [0m] Reached target Remote File Systems (Pre).
[[0;32m  OK  [0m] Reached target Remote File Systems.
[[0;32m  OK  [0m] Listening on Socket activation for snappy daemon.
[[0;32m  OK  [0m] Listening on LXD - unix socket.
[[0;32m  OK  [0m] Started Availability of block devices.
[[0;32m  OK  [0m] Reached target Sockets.
[[0;32m  OK  [0m] Reached target Basic System.
         Starting Permit User Sessions...
         Starting Virtualbox guest utils...
         Starting LSB: automatic crash report generation...
         Starting Dispatcher daemon for systemd-networkd...
[[0;32m  OK  [0m] Started Deferred execution scheduler.
         Starting MySQL Community Server...
[[0;32m  OK  [0m] Started Regular background program processing daemon.
         Starting LSB: Record successful boot for GRUB...
         Starting System Logging Service...
         Starting Snappy daemon...
[[0;32m  OK  [0m] Started D-Bus System Message Bus.
         Starting Login Service...
         Starting OpenBSD Secure Shell server...
         Starting Discard unused blocks...
         Starting Message of the Day...
         Starting LXD - container startup/shutdown...
[[0;32m  OK  [0m] Started FUSE filesystem for LXC.
         Starting Accounts Service...
[[0;32m  OK  [0m] Started irqbalance daemon.
[[0;32m  OK  [0m] Started System Logging Service.
[[0;32m  OK  [0m] Started Dispatcher daemon for systemd-networkd.
[[0;32m  OK  [0m] Started Permit User Sessions.
[[0;32m  OK  [0m] Started Discard unused blocks.
[[0;32m  OK  [0m] Started Login Service.
[[0;32m  OK  [0m] Started Unattended Upgrades Shutdown.
         Starting Terminate Plymouth Boot Screen...
         Starting Hold until boot process finishes up...
[[0;32m  OK  [0m] Started Hold until boot process finishes up.
         Starting Set console scheme...
[[0;32m  OK  [0m] Started Serial Getty on ttyS0.
[[0;32m  OK  [0m] Started Terminate Plymouth Boot Screen.
[[0;32m  OK  [0m] Started OpenBSD Secure Shell server.
[[0;32m  OK  [0m] Started Set console scheme.
[[0;32m  OK  [0m] Created slice system-getty.slice.
[[0;32m  OK  [0m] Started Getty on tty1.
[[0;32m  OK  [0m] Reached target Login Prompts.
[[0;32m  OK  [0m] Started LSB: automatic crash report generation.
[[0;32m  OK  [0m] Started LSB: Record successful boot for GRUB.
[[0;32m  OK  [0m] Started Virtualbox guest utils.
         Starting Authorization Manager...
[[0;32m  OK  [0m] Started LXD - container startup/shutdown.
[[0;32m  OK  [0m] Started Authorization Manager.
[[0;32m  OK  [0m] Started Accounts Service.
[[0;32m  OK  [0m] Started Snappy daemon.
         Starting Wait until snapd is fully seeded...
[[0;32m  OK  [0m] Started Wait until snapd is fully seeded.
         Starting Apply the settings specified in cloud-config...
[[0;32m  OK  [0m] Started MySQL Community Server.
[[0;32m  OK  [0m] Reached target Multi-User System.
[[0;32m  OK  [0m] Reached target Graphical Interface.
         Starting Update UTMP about System Runlevel Changes...
[[0;32m  OK  [0m] Started Update UTMP about System Runlevel Changes.
[    9.739694] cloud-init[1199]: Cloud-init v. 19.3-41-gc4735dd3-0ubuntu1~18.04.1 running 'modules:config' at Tue, 21 Jan 2020 17:07:20 +0000. Up 9.62 seconds.
[[0;32m  OK  [0m] Started Apply the settings specified in cloud-config.
         Starting Execute cloud user/final scripts...
[   10.123351] cloud-init[1295]: Cloud-init v. 19.3-41-gc4735dd3-0ubuntu1~18.04.1 running 'modules:final' at Tue, 21 Jan 2020 17:07:20 +0000. Up 10.05 seconds.
[   10.124940] cloud-init[1295]: Cloud-init v. 19.3-41-gc4735dd3-0ubuntu1~18.04.1 finished at Tue, 21 Jan 2020 17:07:20 +0000. Datasource DataSourceNoCloud [seed=/dev/sdb][dsmode=net].  Up 10.11 seconds
[[0;32m  OK  [0m] Started Execute cloud user/final scripts.
[[0;32m  OK  [0m] Reached target Cloud-init target.
         Starting Daily apt download activities...
[[0;32m  OK  [0m] Created slice User Slice of vagrant.
         Starting User Manager for UID 1000...
[[0;32m  OK  [0m] Started Session 1 of user vagrant.
[[0;32m  OK  [0m] Started User Manager for UID 1000.

Ubuntu 18.04.3 LTS rsyslog-1 ttyS0

rsyslog-1 login: 